#[fg=default]#[fg=default]#[fg=white,bold]⎇ #[fg=default]master..#[fg=default]#[fg=cyan]origin/master#[fg=default] ↑·1 - #[fg=default]#[fg=green,bold]● 1 #[fg=red,bold]✚ 1 #[fg=cyan,bold]⚑ 1 #[fg=magenta,bold]… 1